[debug] [2021-04-23T03:43:20.299Z] ----------------------------------------------------------------------
[debug] [2021-04-23T03:43:20.302Z] Command:       C:\Program Files\nodejs\node.exe C:\Users\victo\AppData\Roaming\npm\node_modules\firebase-tools\lib\bin\firebase.js deploy
[debug] [2021-04-23T03:43:20.303Z] CLI Version:   9.10.0
[debug] [2021-04-23T03:43:20.303Z] Platform:      win32
[debug] [2021-04-23T03:43:20.303Z] Node Version:  v14.16.1
[debug] [2021-04-23T03:43:20.304Z] Time:          Fri Apr 23 2021 00:43:20 GMT-0300 (Horário Padrão de Brasília)
[debug] [2021-04-23T03:43:20.305Z] ----------------------------------------------------------------------
[debug] 
[debug] [2021-04-23T03:43:20.317Z] > command requires scopes: ["email","openid","https://www.googleapis.com/auth/cloudplatformprojects.readonly","https://www.googleapis.com/auth/firebase","https://www.googleapis.com/auth/cloud-platform"]
[debug] [2021-04-23T03:43:20.317Z] > authorizing via signed-in user (unfoldsd@gmail.com)
[debug] [2021-04-23T03:43:20.317Z] [iam] checking project jardim-interativo for permissions ["firebase.projects.get","firebasedatabase.instances.update","firebasehosting.sites.update","firebaserules.releases.create","firebaserules.releases.update","firebaserules.rulesets.create"]
[debug] [2021-04-23T03:43:20.320Z] > refreshing access token with scopes: ["email","https://www.googleapis.com/auth/cloud-platform","https://www.googleapis.com/auth/cloudplatformprojects.readonly","https://www.googleapis.com/auth/firebase","openid"]
[debug] [2021-04-23T03:43:20.321Z] >>> HTTP REQUEST POST https://www.googleapis.com/oauth2/v3/token  
 <request body omitted>
[debug] [2021-04-23T03:43:20.585Z] <<< HTTP RESPONSE 200 {"pragma":"no-cache","cache-control":"no-cache, no-store, max-age=0, must-revalidate","expires":"Mon, 01 Jan 1990 00:00:00 GMT","date":"Fri, 23 Apr 2021 03:43:20 GMT","content-type":"application/json; charset=utf-8","vary":"X-Origin, Referer, Origin,Accept-Encoding","server":"scaffolding on HTTPServer2","x-xss-protection":"0","x-frame-options":"SAMEORIGIN","x-content-type-options":"nosniff","alt-svc":"h3-29=\":443\"; ma=2592000,h3-T051=\":443\"; ma=2592000,h3-Q050=\":443\"; ma=2592000,h3-Q046=\":443\"; ma=2592000,h3-Q043=\":443\"; ma=2592000,quic=\":443\"; ma=2592000; v=\"46,43\"","accept-ranges":"none","transfer-encoding":"chunked"}
[debug] [2021-04-23T03:43:21.814Z] >>> HTTP REQUEST POST https://cloudresourcemanager.googleapis.com/v1/projects/jardim-interativo:testIamPermissions  
 {"permissions":["firebase.projects.get","firebasedatabase.instances.update","firebasehosting.sites.update","firebaserules.releases.create","firebaserules.releases.update","firebaserules.rulesets.create"]}
[debug] [2021-04-23T03:43:22.746Z] <<< HTTP RESPONSE 200 {"content-type":"application/json; charset=UTF-8","vary":"X-Origin, Referer, Origin,Accept-Encoding","date":"Fri, 23 Apr 2021 03:43:22 GMT","server":"ESF","cache-control":"private","x-xss-protection":"0","x-frame-options":"SAMEORIGIN","x-content-type-options":"nosniff","server-timing":"gfet4t7; dur=720","alt-svc":"h3-29=\":443\"; ma=2592000,h3-T051=\":443\"; ma=2592000,h3-Q050=\":443\"; ma=2592000,h3-Q046=\":443\"; ma=2592000,h3-Q043=\":443\"; ma=2592000,quic=\":443\"; ma=2592000; v=\"46,43\"","accept-ranges":"none","transfer-encoding":"chunked"}
[debug] [2021-04-23T03:43:22.756Z] > refreshing access token with scopes: []
[debug] [2021-04-23T03:43:22.758Z] >>> HTTP REQUEST POST https://www.googleapis.com/oauth2/v3/token  
 <request body omitted>
[debug] [2021-04-23T03:43:22.970Z] <<< HTTP RESPONSE 200 {"expires":"Mon, 01 Jan 1990 00:00:00 GMT","date":"Fri, 23 Apr 2021 03:43:22 GMT","cache-control":"no-cache, no-store, max-age=0, must-revalidate","pragma":"no-cache","content-type":"application/json; charset=utf-8","vary":"X-Origin, Referer, Origin,Accept-Encoding","server":"scaffolding on HTTPServer2","x-xss-protection":"0","x-frame-options":"SAMEORIGIN","x-content-type-options":"nosniff","alt-svc":"h3-29=\":443\"; ma=2592000,h3-T051=\":443\"; ma=2592000,h3-Q050=\":443\"; ma=2592000,h3-Q046=\":443\"; ma=2592000,h3-Q043=\":443\"; ma=2592000,quic=\":443\"; ma=2592000; v=\"46,43\"","accept-ranges":"none","transfer-encoding":"chunked"}
[debug] [2021-04-23T03:43:24.260Z] >>> [apiv2][query] GET https://firebase.googleapis.com/v1beta1/projects/jardim-interativo [none]
[debug] [2021-04-23T03:43:25.453Z] <<< [apiv2][status] GET https://firebase.googleapis.com/v1beta1/projects/jardim-interativo 200
[debug] [2021-04-23T03:43:25.454Z] <<< [apiv2][body] GET https://firebase.googleapis.com/v1beta1/projects/jardim-interativo {"projectId":"jardim-interativo","projectNumber":"268525316208","displayName":"jardim-interativo","name":"projects/jardim-interativo","resources":{"hostingSite":"jardim-interativo","realtimeDatabaseInstance":"jardim-interativo","storageBucket":"jardim-interativo.appspot.com","locationId":"us-central"},"state":"ACTIVE"}
[debug] [2021-04-23T03:43:25.456Z] >>> [apiv2][query] GET https://firebase.googleapis.com/v1beta1/projects/jardim-interativo [none]
